###############################################################################
#
# IAR ELF Linker V9.50.1.380/W64 for ARM                  08/Dec/2024  20:33:57
# Copyright 2007-2023 IAR Systems AB.
#
#    Output file  =  C:\Users\User\Desktop\Обуч\GPIO\Debug\Exe\RCC.out
#    Map file     =  C:\Users\User\Desktop\Обуч\GPIO\Debug\List\RCC.map
#    Command line =
#        -f C:\Users\User\Desktop\Обуч\GPIO\Debug\Exe\RCC.out.rsp
#        (C:\Users\User\Desktop\Обуч\GPIO\Debug\Obj\main.o
#        C:\Users\User\Desktop\Обуч\GPIO\Debug\Obj\CMSIS_13545061835669826545.dir\startup_stm32f103xb.o
#        C:\Users\User\Desktop\Обуч\GPIO\Debug\Obj\CMSIS_13545061835669826545.dir\system_stm32f1xx.o
#        --no_out_extension -o
#        C:\Users\User\Desktop\Обуч\GPIO\Debug\Exe\RCC.out --redirect
#        _Printf=_PrintfFullNoMb --redirect _Scanf=_ScanfFullNoMb --map
#        C:\Users\User\Desktop\Обуч\GPIO\Debug\List\RCC.map --config
#        C:\Users\User\Desktop\Обуч\GPIO/CMSIS/stm32f103xb_flash.icf
#        --semihosting --entry __iar_program_start --vfe --text_out locale
#        --cpu=Cortex-M3 --fpu=None) --dependencies=n
#        C:\Users\User\Desktop\Обуч\GPIO\Debug\Exe\RCC.out.iar_deps
#
###############################################################################

*******************************************************************************
*** RUNTIME MODEL ATTRIBUTES
***

CppFlavor       = *
__CPP_Runtime   = 1
__SystemLibrary = DLib
__dlib_version  = 6


*******************************************************************************
*** HEAP SELECTION
***

The basic heap was selected because --advanced_heap
was not specified and the application did not appear to
be primarily optimized for speed.


*******************************************************************************
*** PLACEMENT SUMMARY
***

"A0":  place at address 0x800'0000 { ro section .intvec };
"P1":  place in [from 0x800'0000 to 0x801'ffff] { ro };
define block CSTACK with size = 1K, alignment = 8 { };
define block HEAP with size = 512, alignment = 8 { };
"P2":  place in [from 0x2000'0000 to 0x2000'4fff] {
          rw, block CSTACK, block HEAP };

No sections matched the following patterns:

  rw  in "P2"


  Section   Kind         Address  Aligment   Size  Object
  -------   ----         -------  --------   ----  ------
"A0":                                        0xec
  .intvec   ro code   0x800'0000         4   0xec  startup_stm32f103xb.o [2]
                    - 0x800'00ec             0xec

"P1":                                       0x2d8
  .text     ro code   0x800'00ec         4  0x13c  main.o [1]
  .text     ro code   0x800'0228         4   0x58  system_stm32f1xx.o [2]
  .text     ro code   0x800'0280         4   0x1e  cmain.o [4]
  .text     ro code   0x800'029e         2    0x4  low_level_init.o [3]
  .text     ro code   0x800'02a2         2    0x4  exit.o [3]
  .text     ro code   0x800'02a8         4    0xa  cexit.o [4]
  .text     ro code   0x800'02b4         4   0x14  exit.o [5]
  .text     ro code   0x800'02c8         4   0x1c  cstartup_M.o [4]
  .text     ro code   0x800'02e4         4   0x10  startup_stm32f103xb.o [2]
  .text     ro code   0x800'02f4         2    0x4  startup_stm32f103xb.o [2]
  .text     ro code   0x800'02f8         2    0x4  startup_stm32f103xb.o [2]
  .text     ro code   0x800'02fc         2    0x4  startup_stm32f103xb.o [2]
  .text     ro code   0x800'0300         2    0x4  startup_stm32f103xb.o [2]
  .text     ro code   0x800'0304         2    0x4  startup_stm32f103xb.o [2]
  .text     ro code   0x800'0308         2    0x4  startup_stm32f103xb.o [2]
  .text     ro code   0x800'030c         2    0x4  startup_stm32f103xb.o [2]
  .text     ro code   0x800'0310         2    0x4  startup_stm32f103xb.o [2]
  .text     ro code   0x800'0314         2    0x4  startup_stm32f103xb.o [2]
  .text     ro code   0x800'0318         2    0x4  startup_stm32f103xb.o [2]
  .text     ro code   0x800'031c         2    0x4  startup_stm32f103xb.o [2]
  .text     ro code   0x800'0320         2    0x4  startup_stm32f103xb.o [2]
  .text     ro code   0x800'0324         2    0x4  startup_stm32f103xb.o [2]
  .text     ro code   0x800'0328         2    0x4  startup_stm32f103xb.o [2]
  .text     ro code   0x800'032c         2    0x4  startup_stm32f103xb.o [2]
  .text     ro code   0x800'0330         2    0x4  startup_stm32f103xb.o [2]
  .text     ro code   0x800'0334         2    0x4  startup_stm32f103xb.o [2]
  .text     ro code   0x800'0338         2    0x4  startup_stm32f103xb.o [2]
  .text     ro code   0x800'033c         2    0x4  startup_stm32f103xb.o [2]
  .text     ro code   0x800'0340         2    0x4  startup_stm32f103xb.o [2]
  .text     ro code   0x800'0344         2    0x4  startup_stm32f103xb.o [2]
  .text     ro code   0x800'0348         2    0x4  startup_stm32f103xb.o [2]
  .text     ro code   0x800'034c         2    0x4  startup_stm32f103xb.o [2]
  .text     ro code   0x800'0350         2    0x4  startup_stm32f103xb.o [2]
  .text     ro code   0x800'0354         2    0x4  startup_stm32f103xb.o [2]
  .text     ro code   0x800'0358         2    0x4  startup_stm32f103xb.o [2]
  .text     ro code   0x800'035c         2    0x4  startup_stm32f103xb.o [2]
  .text     ro code   0x800'0360         2    0x4  startup_stm32f103xb.o [2]
  .text     ro code   0x800'0364         2    0x4  startup_stm32f103xb.o [2]
  .text     ro code   0x800'0368         2    0x4  startup_stm32f103xb.o [2]
  .text     ro code   0x800'036c         2    0x4  startup_stm32f103xb.o [2]
  .text     ro code   0x800'0370         2    0x4  startup_stm32f103xb.o [2]
  .text     ro code   0x800'0374         2    0x4  startup_stm32f103xb.o [2]
  .text     ro code   0x800'0378         2    0x4  startup_stm32f103xb.o [2]
  .text     ro code   0x800'037c         2    0x4  startup_stm32f103xb.o [2]
  .text     ro code   0x800'0380         2    0x4  startup_stm32f103xb.o [2]
  .text     ro code   0x800'0384         2    0x4  startup_stm32f103xb.o [2]
  .text     ro code   0x800'0388         2    0x4  startup_stm32f103xb.o [2]
  .text     ro code   0x800'038c         2    0x4  startup_stm32f103xb.o [2]
  .text     ro code   0x800'0390         2    0x4  startup_stm32f103xb.o [2]
  .text     ro code   0x800'0394         2    0x4  startup_stm32f103xb.o [2]
  .text     ro code   0x800'0398         2    0x4  startup_stm32f103xb.o [2]
  .text     ro code   0x800'039c         2    0x4  startup_stm32f103xb.o [2]
  .text     ro code   0x800'03a0         2    0x4  startup_stm32f103xb.o [2]
  .text     ro code   0x800'03a4         2    0x4  startup_stm32f103xb.o [2]
  .text     ro code   0x800'03a8         2    0x4  startup_stm32f103xb.o [2]
  .text     ro code   0x800'03ac         2    0x4  startup_stm32f103xb.o [2]
  .text     ro code   0x800'03b0         2    0x4  startup_stm32f103xb.o [2]
  .text     ro code   0x800'03b4         2    0x4  startup_stm32f103xb.o [2]
  .text     ro code   0x800'03b8         2    0x4  startup_stm32f103xb.o [2]
  .text     ro code   0x800'03bc         2    0x4  startup_stm32f103xb.o [2]
  .text     ro code   0x800'03c0         2    0x4  startup_stm32f103xb.o [2]
                    - 0x800'03c4            0x2d8

"P2":                                       0x400
  CSTACK             0x2000'0000         8  0x400  <Block>
    CSTACK  uninit   0x2000'0000            0x400  <Block tail>
                   - 0x2000'0400            0x400

Unused ranges:

         From           To      Size
         ----           --      ----
   0x800'03c4   0x801'ffff  0x1'fc3c
  0x2000'0400  0x2000'4fff    0x4c00



*******************************************************************************
*** MODULE SUMMARY
***

    Module                 ro code  rw data
    ------                 -------  -------
command line/config:
    ---------------------------------------
    Total:

C:\Users\User\Desktop\Обуч\GPIO\Debug\Obj: [1]
    main.o                     316
    ---------------------------------------
    Total:                     316

C:\Users\User\Desktop\Обуч\GPIO\Debug\Obj\CMSIS_13545061835669826545.dir: [2]
    startup_stm32f103xb.o      460
    system_stm32f1xx.o          88
    ---------------------------------------
    Total:                     548

dl7M_tln.a: [3]
    exit.o                       4
    low_level_init.o             4
    ---------------------------------------
    Total:                       8

rt7M_tl.a: [4]
    cexit.o                     10
    cmain.o                     30
    cstartup_M.o                28
    ---------------------------------------
    Total:                      68

shb_l.a: [5]
    exit.o                      20
    ---------------------------------------
    Total:                      20

    Gaps                         4
    Linker created                    1'024
-------------------------------------------
    Grand Total:               964    1'024


*******************************************************************************
*** ENTRY LIST
***

Entry                       Address  Size  Type      Object
-----                       -------  ----  ----      ------
?main                    0x800'0281        Code  ??  cmain.o [4]
ADC1_2_IRQHandler        0x800'0361        Code  Wk  startup_stm32f103xb.o [2]
BusFault_Handler         0x800'0301        Code  Wk  startup_stm32f103xb.o [2]
CAN1_RX1_IRQHandler      0x800'036d        Code  Wk  startup_stm32f103xb.o [2]
CAN1_SCE_IRQHandler      0x800'0371        Code  Wk  startup_stm32f103xb.o [2]
CSTACK$$Base            0x2000'0000         --   Gb  - Linker created -
CSTACK$$Limit           0x2000'0400         --   ??  - Linker created -
DMA1_Channel1_IRQHandler
                         0x800'0345        Code  Wk  startup_stm32f103xb.o [2]
DMA1_Channel2_IRQHandler
                         0x800'0349        Code  Wk  startup_stm32f103xb.o [2]
DMA1_Channel3_IRQHandler
                         0x800'034d        Code  Wk  startup_stm32f103xb.o [2]
DMA1_Channel4_IRQHandler
                         0x800'0351        Code  Wk  startup_stm32f103xb.o [2]
DMA1_Channel5_IRQHandler
                         0x800'0355        Code  Wk  startup_stm32f103xb.o [2]
DMA1_Channel6_IRQHandler
                         0x800'0359        Code  Wk  startup_stm32f103xb.o [2]
DMA1_Channel7_IRQHandler
                         0x800'035d        Code  Wk  startup_stm32f103xb.o [2]
DebugMon_Handler         0x800'030d        Code  Wk  startup_stm32f103xb.o [2]
EXTI0_IRQHandler         0x800'0331        Code  Wk  startup_stm32f103xb.o [2]
EXTI15_10_IRQHandler     0x800'03b9        Code  Wk  startup_stm32f103xb.o [2]
EXTI1_IRQHandler         0x800'0335        Code  Wk  startup_stm32f103xb.o [2]
EXTI2_IRQHandler         0x800'0339        Code  Wk  startup_stm32f103xb.o [2]
EXTI3_IRQHandler         0x800'033d        Code  Wk  startup_stm32f103xb.o [2]
EXTI4_IRQHandler         0x800'0341        Code  Wk  startup_stm32f103xb.o [2]
EXTI9_5_IRQHandler       0x800'0375        Code  Wk  startup_stm32f103xb.o [2]
FLASH_IRQHandler         0x800'0329        Code  Wk  startup_stm32f103xb.o [2]
HardFault_Handler        0x800'02f9        Code  Wk  startup_stm32f103xb.o [2]
I2C1_ER_IRQHandler       0x800'0399        Code  Wk  startup_stm32f103xb.o [2]
I2C1_EV_IRQHandler       0x800'0395        Code  Wk  startup_stm32f103xb.o [2]
I2C2_ER_IRQHandler       0x800'03a1        Code  Wk  startup_stm32f103xb.o [2]
I2C2_EV_IRQHandler       0x800'039d        Code  Wk  startup_stm32f103xb.o [2]
MemManage_Handler        0x800'02fd        Code  Wk  startup_stm32f103xb.o [2]
NMI_Handler              0x800'02f5        Code  Wk  startup_stm32f103xb.o [2]
PINA_0_INIT_INPUT        0x800'011b  0x2e  Code  ??  main.o [1]
PINC_13_INIT_OUTPUT      0x800'0149  0x2e  Code  ??  main.o [1]
PVD_IRQHandler           0x800'031d        Code  Wk  startup_stm32f103xb.o [2]
PendSV_Handler           0x800'0311        Code  Wk  startup_stm32f103xb.o [2]
RCC_IRQHandler           0x800'032d        Code  Wk  startup_stm32f103xb.o [2]
RTC_Alarm_IRQHandler     0x800'03bd        Code  Wk  startup_stm32f103xb.o [2]
RTC_IRQHandler           0x800'0325        Code  Wk  startup_stm32f103xb.o [2]
Region$$Table$$Base             0x0         --   ??  - Linker created -
Region$$Table$$Limit            0x0         --   ??  - Linker created -
Reset_Handler            0x800'02e5        Code  Wk  startup_stm32f103xb.o [2]
SPI1_IRQHandler          0x800'03a5        Code  Wk  startup_stm32f103xb.o [2]
SPI2_IRQHandler          0x800'03a9        Code  Wk  startup_stm32f103xb.o [2]
SVC_Handler              0x800'0309        Code  Wk  startup_stm32f103xb.o [2]
SetSysClockTo72          0x800'0177  0x92  Code  ??  main.o [1]
SysTick_Handler          0x800'0315        Code  Wk  startup_stm32f103xb.o [2]
SystemInit               0x800'0229  0x3e  Code  ??  system_stm32f1xx.o [2]
TAMPER_IRQHandler        0x800'0321        Code  Wk  startup_stm32f103xb.o [2]
TIM1_BRK_IRQHandler      0x800'0379        Code  Wk  startup_stm32f103xb.o [2]
TIM1_CC_IRQHandler       0x800'0385        Code  Wk  startup_stm32f103xb.o [2]
TIM1_TRG_COM_IRQHandler
                         0x800'0381        Code  Wk  startup_stm32f103xb.o [2]
TIM1_UP_IRQHandler       0x800'037d        Code  Wk  startup_stm32f103xb.o [2]
TIM2_IRQHandler          0x800'0389        Code  Wk  startup_stm32f103xb.o [2]
TIM3_IRQHandler          0x800'038d        Code  Wk  startup_stm32f103xb.o [2]
TIM4_IRQHandler          0x800'0391        Code  Wk  startup_stm32f103xb.o [2]
USART1_IRQHandler        0x800'03ad        Code  Wk  startup_stm32f103xb.o [2]
USART2_IRQHandler        0x800'03b1        Code  Wk  startup_stm32f103xb.o [2]
USART3_IRQHandler        0x800'03b5        Code  Wk  startup_stm32f103xb.o [2]
USBWakeUp_IRQHandler     0x800'03c1        Code  Wk  startup_stm32f103xb.o [2]
USB_HP_CAN1_TX_IRQHandler
                         0x800'0365        Code  Wk  startup_stm32f103xb.o [2]
USB_LP_CAN1_RX0_IRQHandler
                         0x800'0369        Code  Wk  startup_stm32f103xb.o [2]
UsageFault_Handler       0x800'0305        Code  Wk  startup_stm32f103xb.o [2]
WWDG_IRQHandler          0x800'0319        Code  Wk  startup_stm32f103xb.o [2]
__cmain                  0x800'0281        Code  ??  cmain.o [4]
__exit                   0x800'02b5  0x14  Code  ??  exit.o [5]
__iar_program_start      0x800'02c9        Code  ??  cstartup_M.o [4]
__low_level_init         0x800'029f   0x4  Code  ??  low_level_init.o [3]
__vector_table           0x800'0000        Data  ??  startup_stm32f103xb.o [2]
_call_main               0x800'028d        Code  ??  cmain.o [4]
_exit                    0x800'02a9        Code  ??  cexit.o [4]
exit                     0x800'02a3   0x4  Code  ??  exit.o [3]
main                     0x800'00ed  0x2e  Code  ??  main.o [1]


[1] = C:\Users\User\Desktop\Обуч\GPIO\Debug\Obj
[2] = C:\Users\User\Desktop\Обуч\GPIO\Debug\Obj\CMSIS_13545061835669826545.dir
[3] = dl7M_tln.a
[4] = rt7M_tl.a
[5] = shb_l.a

    964 bytes of readonly  code memory
  1'024 bytes of readwrite data memory

Errors: none
Warnings: none
