###############################################################################
#
# IAR ELF Linker V9.50.1.380/W64 for ARM                  08/Dec/2024  21:52:28
# Copyright 2007-2023 IAR Systems AB.
#
#    Output file  =  C:\Users\User\Desktop\Обуч\GPIO\Debug\Exe\RCC.out
#    Map file     =  C:\Users\User\Desktop\Обуч\GPIO\Debug\List\RCC.map
#    Command line =
#        -f C:\Users\User\Desktop\Обуч\GPIO\Debug\Exe\RCC.out.rsp
#        (C:\Users\User\Desktop\Обуч\GPIO\Debug\Obj\main.o
#        C:\Users\User\Desktop\Обуч\GPIO\Debug\Obj\CMSIS_13545061835669826545.dir\startup_stm32f103xb.o
#        C:\Users\User\Desktop\Обуч\GPIO\Debug\Obj\CMSIS_13545061835669826545.dir\system_stm32f1xx.o
#        --no_out_extension -o
#        C:\Users\User\Desktop\Обуч\GPIO\Debug\Exe\RCC.out --redirect
#        _Printf=_PrintfFullNoMb --redirect _Scanf=_ScanfFullNoMb --map
#        C:\Users\User\Desktop\Обуч\GPIO\Debug\List\RCC.map --config
#        C:\Users\User\Desktop\Обуч\GPIO/CMSIS/stm32f103xb_flash.icf
#        --semihosting --entry __iar_program_start --vfe --text_out locale
#        --cpu=Cortex-M3 --fpu=None) --dependencies=n
#        C:\Users\User\Desktop\Обуч\GPIO\Debug\Exe\RCC.out.iar_deps
#
###############################################################################

*******************************************************************************
*** RUNTIME MODEL ATTRIBUTES
***

CppFlavor       = *
__CPP_Runtime   = 1
__SystemLibrary = DLib
__dlib_version  = 6


*******************************************************************************
*** HEAP SELECTION
***

The basic heap was selected because --advanced_heap
was not specified and the application did not appear to
be primarily optimized for speed.


*******************************************************************************
*** PLACEMENT SUMMARY
***

"A0":  place at address 0x800'0000 { ro section .intvec };
"P1":  place in [from 0x800'0000 to 0x801'ffff] { ro };
define block CSTACK with size = 1K, alignment = 8 { };
define block HEAP with size = 512, alignment = 8 { };
"P2":  place in [from 0x2000'0000 to 0x2000'4fff] {
          rw, block CSTACK, block HEAP };

No sections matched the following patterns:

  rw  in "P2"


  Section   Kind         Address  Aligment   Size  Object
  -------   ----         -------  --------   ----  ------
"A0":                                        0xec
  .intvec   ro code   0x800'0000         4   0xec  startup_stm32f103xb.o [2]
                    - 0x800'00ec             0xec

"P1":                                       0x3a0
  .text     ro code   0x800'00ec         4  0x208  main.o [1]
  .text     ro code   0x800'02f4         4   0x58  system_stm32f1xx.o [2]
  .text     ro code   0x800'034c         4   0x1e  cmain.o [4]
  .text     ro code   0x800'036a         2    0x4  low_level_init.o [3]
  .text     ro code   0x800'036e         2    0x4  exit.o [3]
  .text     ro code   0x800'0374         4    0xa  cexit.o [4]
  .text     ro code   0x800'0380         4   0x14  exit.o [5]
  .text     ro code   0x800'0394         4   0x1c  cstartup_M.o [4]
  .text     ro code   0x800'03b0         4   0x10  startup_stm32f103xb.o [2]
  .text     ro code   0x800'03c0         2    0x4  startup_stm32f103xb.o [2]
  .text     ro code   0x800'03c4         2    0x4  startup_stm32f103xb.o [2]
  .text     ro code   0x800'03c8         2    0x4  startup_stm32f103xb.o [2]
  .text     ro code   0x800'03cc         2    0x4  startup_stm32f103xb.o [2]
  .text     ro code   0x800'03d0         2    0x4  startup_stm32f103xb.o [2]
  .text     ro code   0x800'03d4         2    0x4  startup_stm32f103xb.o [2]
  .text     ro code   0x800'03d8         2    0x4  startup_stm32f103xb.o [2]
  .text     ro code   0x800'03dc         2    0x4  startup_stm32f103xb.o [2]
  .text     ro code   0x800'03e0         2    0x4  startup_stm32f103xb.o [2]
  .text     ro code   0x800'03e4         2    0x4  startup_stm32f103xb.o [2]
  .text     ro code   0x800'03e8         2    0x4  startup_stm32f103xb.o [2]
  .text     ro code   0x800'03ec         2    0x4  startup_stm32f103xb.o [2]
  .text     ro code   0x800'03f0         2    0x4  startup_stm32f103xb.o [2]
  .text     ro code   0x800'03f4         2    0x4  startup_stm32f103xb.o [2]
  .text     ro code   0x800'03f8         2    0x4  startup_stm32f103xb.o [2]
  .text     ro code   0x800'03fc         2    0x4  startup_stm32f103xb.o [2]
  .text     ro code   0x800'0400         2    0x4  startup_stm32f103xb.o [2]
  .text     ro code   0x800'0404         2    0x4  startup_stm32f103xb.o [2]
  .text     ro code   0x800'0408         2    0x4  startup_stm32f103xb.o [2]
  .text     ro code   0x800'040c         2    0x4  startup_stm32f103xb.o [2]
  .text     ro code   0x800'0410         2    0x4  startup_stm32f103xb.o [2]
  .text     ro code   0x800'0414         2    0x4  startup_stm32f103xb.o [2]
  .text     ro code   0x800'0418         2    0x4  startup_stm32f103xb.o [2]
  .text     ro code   0x800'041c         2    0x4  startup_stm32f103xb.o [2]
  .text     ro code   0x800'0420         2    0x4  startup_stm32f103xb.o [2]
  .text     ro code   0x800'0424         2    0x4  startup_stm32f103xb.o [2]
  .text     ro code   0x800'0428         2    0x4  startup_stm32f103xb.o [2]
  .text     ro code   0x800'042c         2    0x4  startup_stm32f103xb.o [2]
  .text     ro code   0x800'0430         2    0x4  startup_stm32f103xb.o [2]
  .text     ro code   0x800'0434         2    0x4  startup_stm32f103xb.o [2]
  .text     ro code   0x800'0438         2    0x4  startup_stm32f103xb.o [2]
  .text     ro code   0x800'043c         2    0x4  startup_stm32f103xb.o [2]
  .text     ro code   0x800'0440         2    0x4  startup_stm32f103xb.o [2]
  .text     ro code   0x800'0444         2    0x4  startup_stm32f103xb.o [2]
  .text     ro code   0x800'0448         2    0x4  startup_stm32f103xb.o [2]
  .text     ro code   0x800'044c         2    0x4  startup_stm32f103xb.o [2]
  .text     ro code   0x800'0450         2    0x4  startup_stm32f103xb.o [2]
  .text     ro code   0x800'0454         2    0x4  startup_stm32f103xb.o [2]
  .text     ro code   0x800'0458         2    0x4  startup_stm32f103xb.o [2]
  .text     ro code   0x800'045c         2    0x4  startup_stm32f103xb.o [2]
  .text     ro code   0x800'0460         2    0x4  startup_stm32f103xb.o [2]
  .text     ro code   0x800'0464         2    0x4  startup_stm32f103xb.o [2]
  .text     ro code   0x800'0468         2    0x4  startup_stm32f103xb.o [2]
  .text     ro code   0x800'046c         2    0x4  startup_stm32f103xb.o [2]
  .text     ro code   0x800'0470         2    0x4  startup_stm32f103xb.o [2]
  .text     ro code   0x800'0474         2    0x4  startup_stm32f103xb.o [2]
  .text     ro code   0x800'0478         2    0x4  startup_stm32f103xb.o [2]
  .text     ro code   0x800'047c         2    0x4  startup_stm32f103xb.o [2]
  .text     ro code   0x800'0480         2    0x4  startup_stm32f103xb.o [2]
  .text     ro code   0x800'0484         2    0x4  startup_stm32f103xb.o [2]
  .text     ro code   0x800'0488         2    0x4  startup_stm32f103xb.o [2]
                    - 0x800'048c            0x3a0

"P2":                                       0x400
  CSTACK             0x2000'0000         8  0x400  <Block>
    CSTACK  uninit   0x2000'0000            0x400  <Block tail>
                   - 0x2000'0400            0x400

Unused ranges:

         From           To      Size
         ----           --      ----
   0x800'048c   0x801'ffff  0x1'fb74
  0x2000'0400  0x2000'4fff    0x4c00



*******************************************************************************
*** MODULE SUMMARY
***

    Module                 ro code  rw data
    ------                 -------  -------
command line/config:
    ---------------------------------------
    Total:

C:\Users\User\Desktop\Обуч\GPIO\Debug\Obj: [1]
    main.o                     520
    ---------------------------------------
    Total:                     520

C:\Users\User\Desktop\Обуч\GPIO\Debug\Obj\CMSIS_13545061835669826545.dir: [2]
    startup_stm32f103xb.o      456
    system_stm32f1xx.o          88
    ---------------------------------------
    Total:                     544

dl7M_tln.a: [3]
    exit.o                       4
    low_level_init.o             4
    ---------------------------------------
    Total:                       8

rt7M_tl.a: [4]
    cexit.o                     10
    cmain.o                     30
    cstartup_M.o                28
    ---------------------------------------
    Total:                      68

shb_l.a: [5]
    exit.o                      20
    ---------------------------------------
    Total:                      20

    Gaps                         4
    Linker created                    1'024
-------------------------------------------
    Grand Total:             1'164    1'024


*******************************************************************************
*** ENTRY LIST
***

Entry                       Address  Size  Type      Object
-----                       -------  ----  ----      ------
?main                    0x800'034d        Code  ??  cmain.o [4]
ADC1_2_IRQHandler        0x800'0429        Code  Wk  startup_stm32f103xb.o [2]
BusFault_Handler         0x800'03cd        Code  Wk  startup_stm32f103xb.o [2]
CAN1_RX1_IRQHandler      0x800'0435        Code  Wk  startup_stm32f103xb.o [2]
CAN1_SCE_IRQHandler      0x800'0439        Code  Wk  startup_stm32f103xb.o [2]
CSTACK$$Base            0x2000'0000         --   Gb  - Linker created -
CSTACK$$Limit           0x2000'0400         --   ??  - Linker created -
DMA1_Channel1_IRQHandler
                         0x800'040d        Code  Wk  startup_stm32f103xb.o [2]
DMA1_Channel2_IRQHandler
                         0x800'0411        Code  Wk  startup_stm32f103xb.o [2]
DMA1_Channel3_IRQHandler
                         0x800'0415        Code  Wk  startup_stm32f103xb.o [2]
DMA1_Channel4_IRQHandler
                         0x800'0419        Code  Wk  startup_stm32f103xb.o [2]
DMA1_Channel5_IRQHandler
                         0x800'041d        Code  Wk  startup_stm32f103xb.o [2]
DMA1_Channel6_IRQHandler
                         0x800'0421        Code  Wk  startup_stm32f103xb.o [2]
DMA1_Channel7_IRQHandler
                         0x800'0425        Code  Wk  startup_stm32f103xb.o [2]
DebugMon_Handler         0x800'03d9        Code  Wk  startup_stm32f103xb.o [2]
EXTI0_IRQHandler         0x800'014b  0x30  Code  ??  main.o [1]
EXTI15_10_IRQHandler     0x800'0481        Code  Wk  startup_stm32f103xb.o [2]
EXTI1_IRQHandler         0x800'03fd        Code  Wk  startup_stm32f103xb.o [2]
EXTI2_IRQHandler         0x800'0401        Code  Wk  startup_stm32f103xb.o [2]
EXTI3_IRQHandler         0x800'0405        Code  Wk  startup_stm32f103xb.o [2]
EXTI4_IRQHandler         0x800'0409        Code  Wk  startup_stm32f103xb.o [2]
EXTI9_5_IRQHandler       0x800'043d        Code  Wk  startup_stm32f103xb.o [2]
FLASH_IRQHandler         0x800'03f5        Code  Wk  startup_stm32f103xb.o [2]
HardFault_Handler        0x800'03c5        Code  Wk  startup_stm32f103xb.o [2]
I2C1_ER_IRQHandler       0x800'0461        Code  Wk  startup_stm32f103xb.o [2]
I2C1_EV_IRQHandler       0x800'045d        Code  Wk  startup_stm32f103xb.o [2]
I2C2_ER_IRQHandler       0x800'0469        Code  Wk  startup_stm32f103xb.o [2]
I2C2_EV_IRQHandler       0x800'0465        Code  Wk  startup_stm32f103xb.o [2]
Interrapt_EXTI_PR_PR0    0x800'017b  0x40  Code  ??  main.o [1]
MemManage_Handler        0x800'03c9        Code  Wk  startup_stm32f103xb.o [2]
NMI_Handler              0x800'03c1        Code  Wk  startup_stm32f103xb.o [2]
PINA_0_INIT_INPUT        0x800'01bb  0x38  Code  ??  main.o [1]
PINC_13_INIT_OUTPUT      0x800'01f3  0x2e  Code  ??  main.o [1]
PVD_IRQHandler           0x800'03e9        Code  Wk  startup_stm32f103xb.o [2]
PendSV_Handler           0x800'03dd        Code  Wk  startup_stm32f103xb.o [2]
RCC_IRQHandler           0x800'03f9        Code  Wk  startup_stm32f103xb.o [2]
RTC_Alarm_IRQHandler     0x800'0485        Code  Wk  startup_stm32f103xb.o [2]
RTC_IRQHandler           0x800'03f1        Code  Wk  startup_stm32f103xb.o [2]
Region$$Table$$Base             0x0         --   ??  - Linker created -
Region$$Table$$Limit            0x0         --   ??  - Linker created -
Reset_Handler            0x800'03b1        Code  Wk  startup_stm32f103xb.o [2]
SPI1_IRQHandler          0x800'046d        Code  Wk  startup_stm32f103xb.o [2]
SPI2_IRQHandler          0x800'0471        Code  Wk  startup_stm32f103xb.o [2]
SVC_Handler              0x800'03d5        Code  Wk  startup_stm32f103xb.o [2]
SetSysClockTo72          0x800'0221  0x92  Code  ??  main.o [1]
SysTick_Handler          0x800'03e1        Code  Wk  startup_stm32f103xb.o [2]
SystemInit               0x800'02f5  0x3e  Code  ??  system_stm32f1xx.o [2]
TAMPER_IRQHandler        0x800'03ed        Code  Wk  startup_stm32f103xb.o [2]
TIM1_BRK_IRQHandler      0x800'0441        Code  Wk  startup_stm32f103xb.o [2]
TIM1_CC_IRQHandler       0x800'044d        Code  Wk  startup_stm32f103xb.o [2]
TIM1_TRG_COM_IRQHandler
                         0x800'0449        Code  Wk  startup_stm32f103xb.o [2]
TIM1_UP_IRQHandler       0x800'0445        Code  Wk  startup_stm32f103xb.o [2]
TIM2_IRQHandler          0x800'0451        Code  Wk  startup_stm32f103xb.o [2]
TIM3_IRQHandler          0x800'0455        Code  Wk  startup_stm32f103xb.o [2]
TIM4_IRQHandler          0x800'0459        Code  Wk  startup_stm32f103xb.o [2]
USART1_IRQHandler        0x800'0475        Code  Wk  startup_stm32f103xb.o [2]
USART2_IRQHandler        0x800'0479        Code  Wk  startup_stm32f103xb.o [2]
USART3_IRQHandler        0x800'047d        Code  Wk  startup_stm32f103xb.o [2]
USBWakeUp_IRQHandler     0x800'0489        Code  Wk  startup_stm32f103xb.o [2]
USB_HP_CAN1_TX_IRQHandler
                         0x800'042d        Code  Wk  startup_stm32f103xb.o [2]
USB_LP_CAN1_RX0_IRQHandler
                         0x800'0431        Code  Wk  startup_stm32f103xb.o [2]
UsageFault_Handler       0x800'03d1        Code  Wk  startup_stm32f103xb.o [2]
WWDG_IRQHandler          0x800'03e5        Code  Wk  startup_stm32f103xb.o [2]
__NVIC_EnableIRQ         0x800'00ed  0x1e  Code  Lc  main.o [1]
__NVIC_SetPriority       0x800'010b  0x2c  Code  Lc  main.o [1]
__cmain                  0x800'034d        Code  ??  cmain.o [4]
__exit                   0x800'0381  0x14  Code  ??  exit.o [5]
__iar_program_start      0x800'0395        Code  ??  cstartup_M.o [4]
__low_level_init         0x800'036b   0x4  Code  ??  low_level_init.o [3]
__vector_table           0x800'0000        Data  ??  startup_stm32f103xb.o [2]
_call_main               0x800'0359        Code  ??  cmain.o [4]
_exit                    0x800'0375        Code  ??  cexit.o [4]
exit                     0x800'036f   0x4  Code  ??  exit.o [3]
main                     0x800'0137  0x14  Code  ??  main.o [1]


[1] = C:\Users\User\Desktop\Обуч\GPIO\Debug\Obj
[2] = C:\Users\User\Desktop\Обуч\GPIO\Debug\Obj\CMSIS_13545061835669826545.dir
[3] = dl7M_tln.a
[4] = rt7M_tl.a
[5] = shb_l.a

  1'164 bytes of readonly  code memory
  1'024 bytes of readwrite data memory

Errors: none
Warnings: none
